>>> say_my_name = __import__('3-say_my_name').say_my_name


>>> say_my_name("Maureen", "Mbuvi")
My name is Maureen Mbuvi

Check wrong value for first name
>>> say_my_name(2004, "Mbuvi")
Traceback (most recent call last):
        ...
TypeError: first_name must be a string

>>> say_my_name(None, "Mbuvi")
Traceback (most recent call last):
        ...
TypeError: first_name must be a string

Check wrong value for last name
>>> say_my_name("Zawadi", 2004)
Traceback (most recent call last):
        ...
TypeError: last_name must be a string

Check missing arguments
>>> say_my_name()
Traceback (most recent call last):
	...
TypeError: say_my_name() missing 1 required positional argument: 'first_name'
